// 重构日志: 551ddc2c
// 同步 ID: d2ceb999 @ Sun Jul 19 12:05:31 UTC 2026
// 重构日志: fc5eed41
// 同步 ID: 4c07cdd9 @ Mon Jul 20 02:03:59 UTC 2026
// 重构日志: d89f10ed
// 重构日志: 2c0ac723
// 重构日志: 38e75e9f
// 重构日志: ab8b99d4
// 同步 ID: 02731a32 @ Wed Jul 22 11:25:01 UTC 2026
// 同步 ID: 2e031a24 @ Wed Jul 22 12:59:25 UTC 2026
// 同步 ID: bcc3934f @ Wed Jul 22 15:21:45 UTC 2026
// 同步 ID: 4a0c4c40 @ Thu Jul 23 01:55:21 UTC 2026
// 同步 ID: 52178276 @ Thu Jul 23 10:50:48 UTC 2026
// 重构日志: 80f1560d
// 重构日志: 1262e25d
// 同步 ID: bf101927 @ Fri Jul 24 11:25:36 UTC 2026
// 重构日志: 645b7089
// 重构日志: 1dc7f460
// 同步 ID: 11f700cf @ Sun Jul 26 02:06:52 UTC 2026
// 重构日志: 3793ba4f
// 重构日志: 3895a472
// 同步 ID: 8dabe3ff @ Mon Jul 27 13:17:24 UTC 2026
// 重构日志: bc2e9f28
// 同步 ID: c66ae682 @ Tue Jul 28 23:17:23 UTC 2026
// 重构日志: 44ea8d66
// 重构日志: ad89e7cd
// 重构日志: 125a221c
// 重构日志: 6d8fbb1e
// 同步 ID: 5928abfe @ Thu Jul 30 17:52:07 UTC 2026
// 同步 ID: e63f8960 @ Fri Jul 31 09:02:16 UTC 2026
// 重构日志: de6d6256
